TAP version 13
# Subtest: purchase UI, route and Angular dependencies are removed
ok 1 - purchase UI, route and Angular dependencies are removed
  ---
  duration_ms: 20.2452
  type: 'test'
  ...
# Subtest: maintained build inputs cannot reinstall billing or purchase code
ok 2 - maintained build inputs cannot reinstall billing or purchase code
  ---
  duration_ms: 7.912067
  type: 'test'
  ...
# Subtest: storage and localization no longer expose payment functionality
ok 3 - storage and localization no longer expose payment functionality
  ---
  duration_ms: 10.309354
  type: 'test'
  ...
# Subtest: ordinary ads work with fresh
ok 4 - ordinary ads work with fresh
  ---
  duration_ms: 2.634229
  type: 'test'
  ...
# Subtest: ordinary ads work with stale exemption
ok 5 - ordinary ads work with stale exemption
  ---
  duration_ms: 2.459042
  type: 'test'
  ...
# Subtest: ordinary ads work with stale premium
ok 6 - ordinary ads work with stale premium
  ---
  duration_ms: 2.877093
  type: 'test'
  ...
# Subtest: config generation strips retired paid settings from a legacy input
ok 7 - config generation strips retired paid settings from a legacy input
  ---
  duration_ms: 188.243586
  type: 'test'
  ...
# Subtest: legacy native build inputs do not reintroduce app billing declarations
ok 8 - legacy native build inputs do not reintroduce app billing declarations
  ---
  duration_ms: 2.245584
  type: 'test'
  ...
1..8
# tests 8
# suites 0
# pass 8
# fail 0
# cancelled 0
# skipped 0
# todo 0
# duration_ms 521.421195
