TAP version 13
# Subtest: AirKorea freshness under UTC
ok 1 - AirKorea freshness under UTC
  ---
  duration_ms: 146.605058
  type: 'test'
  ...
# Subtest: AirKorea freshness under Asia/Seoul
ok 2 - AirKorea freshness under Asia/Seoul
  ---
  duration_ms: 125.730035
  type: 'test'
  ...
# Subtest: AirKorea freshness under America/Los_Angeles
ok 3 - AirKorea freshness under America/Los_Angeles
  ---
  duration_ms: 145.515464
  type: 'test'
  ...
1..3
# tests 3
# suites 0
# pass 3
# fail 0
# cancelled 0
# skipped 0
# todo 0
# duration_ms 433.257576
