TAP version 13
# Subtest: AirKorea freshness under UTC
not ok 1 - AirKorea freshness under UTC
  ---
  duration_ms: 129.216509
  type: 'test'
  location: '/root/.paseo/worktrees/08mqediz/special-beaver/server/test/offline/air-freshness.test.js:9:9'
  failureType: 'testCodeFailure'
  error: |-
    TAP version 13
    # Subtest: KST ordinary and 24:00 timestamps use elapsed eight hours without mutating request time
    not ok 1 - KST ordinary and 24:00 timestamps use elapsed eight hours without mutating request time
      ---
      duration_ms: 18.733705
      type: 'test'
      location: '/root/.paseo/worktrees/08mqediz/special-beaver/server/test/offline/air-freshness.test.js:17:5'
      failureType: 'testCodeFailure'
      error: |-
        2026-09-29 00:00 age=8
        
        true !== false
        
      code: 'ERR_ASSERTION'
      name: 'AssertionError'
      expected: false
      actual: true
      operator: 'strictEqual'
      stack: |-
        TestContext.<anonymous> (/root/.paseo/worktrees/08mqediz/special-beaver/server/test/offline/air-freshness.test.js:30:24)
        Test.runInAsyncScope (node:async_hooks:214:14)
        Test.run (node:internal/test_runner/test:1047:25)
        Test.start (node:internal/test_runner/test:944:17)
        startSubtestAfterBootstrap (node:internal/test_runner/harness:296:17)
      ...
    # Subtest: detail middleware omits stale station values and handles empty station lists
    not ok 2 - detail middleware omits stale station values and handles empty station lists
      ---
      duration_ms: 10.933897
      type: 'test'
      location: '/root/.paseo/worktrees/08mqediz/special-beaver/server/test/offline/air-freshness.test.js:42:5'
      failureType: 'testCodeFailure'
      error: "Cannot read properties of undefined (reading 'length')"
      code: 'ERR_TEST_FAILURE'
      name: 'TypeError'
      stack: |-
        TestContext.<anonymous> (/root/.paseo/worktrees/08mqediz/special-beaver/server/test/offline/air-freshness.test.js:52:38)
        Test.runInAsyncScope (node:async_hooks:214:14)
        Test.run (node:internal/test_runner/test:1047:25)
        Test.processPendingSubtests (node:internal/test_runner/test:744:18)
        Test.postRun (node:internal/test_runner/test:1173:19)
        Test.run (node:internal/test_runner/test:1101:12)
        async startSubtestAfterBootstrap (node:internal/test_runner/harness:296:3)
      ...
    # Subtest: getKeco asynchronous error without arpltnObj calls next once
    ok 3 - getKeco asynchronous error without arpltnObj calls next once
      ---
      duration_ms: 12.560517
      type: 'test'
      ...
    1..3
    # tests 3
    # suites 0
    # pass 1
    # fail 2
    # cancelled 0
    # skipped 0
    # todo 0
    # duration_ms 50.70977
    
    
    1 !== 0
    
  code: 'ERR_ASSERTION'
  name: 'AssertionError'
  expected: 0
  actual: 1
  operator: 'strictEqual'
  stack: |-
    TestContext.<anonymous> (/root/.paseo/worktrees/08mqediz/special-beaver/server/test/offline/air-freshness.test.js:13:20)
    Test.runInAsyncScope (node:async_hooks:214:14)
    Test.run (node:internal/test_runner/test:1047:25)
    Test.start (node:internal/test_runner/test:944:17)
    startSubtestAfterBootstrap (node:internal/test_runner/harness:296:17)
  ...
# Subtest: AirKorea freshness under Asia/Seoul
not ok 2 - AirKorea freshness under Asia/Seoul
  ---
  duration_ms: 126.924864
  type: 'test'
  location: '/root/.paseo/worktrees/08mqediz/special-beaver/server/test/offline/air-freshness.test.js:9:9'
  failureType: 'testCodeFailure'
  error: |-
    TAP version 13
    # Subtest: KST ordinary and 24:00 timestamps use elapsed eight hours without mutating request time
    not ok 1 - KST ordinary and 24:00 timestamps use elapsed eight hours without mutating request time
      ---
      duration_ms: 18.738053
      type: 'test'
      location: '/root/.paseo/worktrees/08mqediz/special-beaver/server/test/offline/air-freshness.test.js:17:5'
      failureType: 'testCodeFailure'
      error: "Cannot read properties of undefined (reading 'dataTime')"
      code: 'ERR_TEST_FAILURE'
      name: 'TypeError'
      stack: |-
        arpltnController._checkDateTime (controllers/kecoController.js:196:16)
        TestContext.<anonymous> (/root/.paseo/worktrees/08mqediz/special-beaver/server/test/offline/air-freshness.test.js:36:31)
        Test.runInAsyncScope (node:async_hooks:214:14)
        Test.run (node:internal/test_runner/test:1047:25)
        Test.start (node:internal/test_runner/test:944:17)
        startSubtestAfterBootstrap (node:internal/test_runner/harness:296:17)
      ...
    # Subtest: detail middleware omits stale station values and handles empty station lists
    not ok 2 - detail middleware omits stale station values and handles empty station lists
      ---
      duration_ms: 12.115926
      type: 'test'
      location: '/root/.paseo/worktrees/08mqediz/special-beaver/server/test/offline/air-freshness.test.js:42:5'
      failureType: 'testCodeFailure'
      error: "Cannot read properties of undefined (reading 'length')"
      code: 'ERR_TEST_FAILURE'
      name: 'TypeError'
      stack: |-
        TestContext.<anonymous> (/root/.paseo/worktrees/08mqediz/special-beaver/server/test/offline/air-freshness.test.js:52:38)
        Test.runInAsyncScope (node:async_hooks:214:14)
        Test.run (node:internal/test_runner/test:1047:25)
        Test.processPendingSubtests (node:internal/test_runner/test:744:18)
        Test.postRun (node:internal/test_runner/test:1173:19)
        Test.run (node:internal/test_runner/test:1101:12)
        async startSubtestAfterBootstrap (node:internal/test_runner/harness:296:3)
      ...
    # Subtest: getKeco asynchronous error without arpltnObj calls next once
    ok 3 - getKeco asynchronous error without arpltnObj calls next once
      ---
      duration_ms: 15.512053
      type: 'test'
      ...
    1..3
    # tests 3
    # suites 0
    # pass 1
    # fail 2
    # cancelled 0
    # skipped 0
    # todo 0
    # duration_ms 53.762477
    
    
    1 !== 0
    
  code: 'ERR_ASSERTION'
  name: 'AssertionError'
  expected: 0
  actual: 1
  operator: 'strictEqual'
  stack: |-
    TestContext.<anonymous> (/root/.paseo/worktrees/08mqediz/special-beaver/server/test/offline/air-freshness.test.js:13:20)
    Test.runInAsyncScope (node:async_hooks:214:14)
    Test.run (node:internal/test_runner/test:1047:25)
    Test.processPendingSubtests (node:internal/test_runner/test:744:18)
    Test.postRun (node:internal/test_runner/test:1173:19)
    Test.run (node:internal/test_runner/test:1101:12)
    async startSubtestAfterBootstrap (node:internal/test_runner/harness:296:3)
  ...
# Subtest: AirKorea freshness under America/Los_Angeles
not ok 3 - AirKorea freshness under America/Los_Angeles
  ---
  duration_ms: 125.197177
  type: 'test'
  location: '/root/.paseo/worktrees/08mqediz/special-beaver/server/test/offline/air-freshness.test.js:9:9'
  failureType: 'testCodeFailure'
  error: |-
    TAP version 13
    # Subtest: KST ordinary and 24:00 timestamps use elapsed eight hours without mutating request time
    not ok 1 - KST ordinary and 24:00 timestamps use elapsed eight hours without mutating request time
      ---
      duration_ms: 21.318116
      type: 'test'
      location: '/root/.paseo/worktrees/08mqediz/special-beaver/server/test/offline/air-freshness.test.js:17:5'
      failureType: 'testCodeFailure'
      error: |-
        2026-09-29 00:00 age=8
        
        true !== false
        
      code: 'ERR_ASSERTION'
      name: 'AssertionError'
      expected: false
      actual: true
      operator: 'strictEqual'
      stack: |-
        TestContext.<anonymous> (/root/.paseo/worktrees/08mqediz/special-beaver/server/test/offline/air-freshness.test.js:30:24)
        Test.runInAsyncScope (node:async_hooks:214:14)
        Test.run (node:internal/test_runner/test:1047:25)
        Test.start (node:internal/test_runner/test:944:17)
        startSubtestAfterBootstrap (node:internal/test_runner/harness:296:17)
      ...
    # Subtest: detail middleware omits stale station values and handles empty station lists
    not ok 2 - detail middleware omits stale station values and handles empty station lists
      ---
      duration_ms: 13.003846
      type: 'test'
      location: '/root/.paseo/worktrees/08mqediz/special-beaver/server/test/offline/air-freshness.test.js:42:5'
      failureType: 'testCodeFailure'
      error: "Cannot read properties of undefined (reading 'length')"
      code: 'ERR_TEST_FAILURE'
      name: 'TypeError'
      stack: |-
        TestContext.<anonymous> (/root/.paseo/worktrees/08mqediz/special-beaver/server/test/offline/air-freshness.test.js:52:38)
        Test.runInAsyncScope (node:async_hooks:214:14)
        Test.run (node:internal/test_runner/test:1047:25)
        Test.processPendingSubtests (node:internal/test_runner/test:744:18)
        Test.postRun (node:internal/test_runner/test:1173:19)
        Test.run (node:internal/test_runner/test:1101:12)
        async startSubtestAfterBootstrap (node:internal/test_runner/harness:296:3)
      ...
    # Subtest: getKeco asynchronous error without arpltnObj calls next once
    ok 3 - getKeco asynchronous error without arpltnObj calls next once
      ---
      duration_ms: 13.24635
      type: 'test'
      ...
    1..3
    # tests 3
    # suites 0
    # pass 1
    # fail 2
    # cancelled 0
    # skipped 0
    # todo 0
    # duration_ms 55.664312
    
    
    1 !== 0
    
  code: 'ERR_ASSERTION'
  name: 'AssertionError'
  expected: 0
  actual: 1
  operator: 'strictEqual'
  stack: |-
    TestContext.<anonymous> (/root/.paseo/worktrees/08mqediz/special-beaver/server/test/offline/air-freshness.test.js:13:20)
    Test.runInAsyncScope (node:async_hooks:214:14)
    Test.run (node:internal/test_runner/test:1047:25)
    Test.processPendingSubtests (node:internal/test_runner/test:744:18)
    Test.postRun (node:internal/test_runner/test:1173:19)
    Test.run (node:internal/test_runner/test:1101:12)
    async Test.processPendingSubtests (node:internal/test_runner/test:744:7)
  ...
1..3
# tests 3
# suites 0
# pass 0
# fail 3
# cancelled 0
# skipped 0
# todo 0
# duration_ms 396.701094
