✔ station and sido use supported services and correctly encoded credentials (1.643ms)
✔ supported station/sido fixtures preserve KST, grade mapping, unavailable stations and aggregate values (5.5375ms)
✔ invalid identity/time rejects entire batch; invalid concentration/grade omitted, no NaN or numeric prefix (1.311ms)
✔ KST and 24:00 parser is calendar strict (0.090833ms)
✔ pagination assembled completely, no changed total or incomplete page accepted (8.881833ms)
✔ authentication, XML/plain gateway errors, invalid envelopes and empty items terminate without retry or writes (10.013458ms)
✔ whole attempt timeout aborts and calls back once, bounded transient retry, no late writes (316.277084ms)
AIRKOREA {"operation":"station","sido":"서울","finishedAt":"2026-09-29T14:37:10.352Z","outcome":"success","code":"OK","saved":3,"unavailable":["점검중"],"observationTime":"2026-09-29 23:00"}
AIRKOREA {"operation":"station","sido":"대구","finishedAt":"2026-09-29T14:37:10.352Z","outcome":"success","code":"OK","saved":3,"unavailable":["점검중"],"observationTime":"2026-09-29 23:00"}
AIRKOREA {"operation":"station","sido":"인천","finishedAt":"2026-09-29T14:37:10.352Z","outcome":"success","code":"OK","saved":3,"unavailable":["점검중"],"observationTime":"2026-09-29 23:00"}
AIRKOREA {"operation":"station","sido":"광주","finishedAt":"2026-09-29T14:37:10.369Z","outcome":"success","code":"OK","saved":3,"unavailable":["점검중"],"observationTime":"2026-09-29 23:00"}
AIRKOREA {"operation":"station","sido":"대전","finishedAt":"2026-09-29T14:37:10.369Z","outcome":"success","code":"OK","saved":3,"unavailable":["점검중"],"observationTime":"2026-09-29 23:00"}
✔ parallel province collection <=4 preserves other regions and awaits aggregate acknowledgement/error (36.257209ms)
AIRKOREA {"operation":"station","startedAt":"2026-09-29T14:37:10.370Z","finishedAt":"2026-09-29T14:37:10.370Z","outcome":"success","code":"OK"}
✔ scheduled collection overlap rejected without starting another provider batch (0.652417ms)
✔ no key, malformed key and unknown operation cause zero HTTP calls (0.303041ms)
✔ redirects, authentication HTTP and quota responses never retry; huge bodies abort (1.8275ms)
✔ JSON/XML expired key and quota codes are sanitized and terminal (13.7535ms)
✔ whole province budget terminates retries even when per-attempt timeout is longer (17.297959ms)
✔ duplicate station/timestamp and mismatched province reject before any write (1.158917ms)
✔ station save error prevents aggregate write; missing urban rows is a failed province (1.323917ms)
✔ empty province list and all-unavailable rows never report collection success (0.490167ms)
ℹ tests 16
ℹ suites 0
ℹ pass 16
ℹ fail 0
ℹ cancelled 0
ℹ skipped 0
ℹ todo 0
ℹ duration_ms 419.810459
✔ fresh AirKorea for 17 provinces wins without provider calls; requested grades preserved (6.525334ms)
✔ missing/stale/DB-failed provinces use shared flow, retain fresh rows, source and point provenance (2.491334ms)
✔ parallel fanout is bounded at four and completes all regions when time allows (32.943833ms)
✔ one overall deadline stops new calls; late callbacks cannot mutate completed air/status (18.215875ms)
✔ DB timeout terminates; DB error and provider failures preserve response with explicit per-province status (15.696708ms)
✔ future and invalid/empty PM rows trigger fallback, never fabricated zero (2.31975ms)
✔ eight-hour boundary, excessive future and partial pollutant values do not become fabricated data (5.727291ms)
✔ provider throw or duplicate callback cannot lose other provinces or complete twice (2.299ms)
✔ storage read throws: shared provider flow still supplies partial safe results (1.994916ms)
✔ completed provider response is copied before unit conversion; cached object is unchanged (2.716958ms)
ℹ tests 10
ℹ suites 0
ℹ pass 10
ℹ fail 0
ℹ cancelled 0
ℹ skipped 0
ℹ todo 0
ℹ duration_ms 94.450375
