✔ station and sido use supported services and correctly encoded credentials (1.469958ms)
✔ supported station/sido fixtures preserve KST, grade mapping, unavailable stations and aggregate values (5.184667ms)
✔ invalid identity/time rejects entire batch; invalid concentration/grade omitted, no NaN or numeric prefix (1.139667ms)
✔ KST and 24:00 parser is calendar strict (0.07625ms)
✔ pagination assembled completely, no changed total or incomplete page accepted (8.71125ms)
✔ authentication, XML/plain gateway errors, invalid envelopes and empty items terminate without retry or writes (9.855209ms)
✔ whole attempt timeout aborts and calls back once, bounded transient retry, no late writes (318.991084ms)
AIRKOREA {"operation":"station","sido":"서울","finishedAt":"2026-09-29T14:37:33.040Z","outcome":"success","code":"OK","saved":3,"unavailable":["점검중"],"observationTime":"2026-09-29 23:00"}
AIRKOREA {"operation":"station","sido":"대구","finishedAt":"2026-09-29T14:37:33.041Z","outcome":"success","code":"OK","saved":3,"unavailable":["점검중"],"observationTime":"2026-09-29 23:00"}
AIRKOREA {"operation":"station","sido":"인천","finishedAt":"2026-09-29T14:37:33.041Z","outcome":"success","code":"OK","saved":3,"unavailable":["점검중"],"observationTime":"2026-09-29 23:00"}
AIRKOREA {"operation":"station","sido":"광주","finishedAt":"2026-09-29T14:37:33.059Z","outcome":"success","code":"OK","saved":3,"unavailable":["점검중"],"observationTime":"2026-09-29 23:00"}
AIRKOREA {"operation":"station","sido":"대전","finishedAt":"2026-09-29T14:37:33.059Z","outcome":"success","code":"OK","saved":3,"unavailable":["점검중"],"observationTime":"2026-09-29 23:00"}
✔ parallel province collection <=4 preserves other regions and awaits aggregate acknowledgement/error (42.044708ms)
AIRKOREA {"operation":"station","startedAt":"2026-09-29T14:37:33.063Z","finishedAt":"2026-09-29T14:37:33.064Z","outcome":"success","code":"OK"}
✔ scheduled collection overlap rejected without starting another provider batch (3.308542ms)
✔ no key, malformed key and unknown operation cause zero HTTP calls (0.869583ms)
✔ redirects, authentication HTTP and quota responses never retry; huge bodies abort (2.610417ms)
✔ JSON/XML expired key and quota codes are sanitized and terminal (15.126417ms)
✔ whole province budget terminates retries even when per-attempt timeout is longer (18.114959ms)
✔ duplicate station/timestamp and mismatched province reject before any write (3.884792ms)
✔ station save error prevents aggregate write; missing urban rows is a failed province (3.599375ms)
✔ empty province list and all-unavailable rows never report collection success (1.25775ms)
ℹ tests 16
ℹ suites 0
ℹ pass 16
ℹ fail 0
ℹ cancelled 0
ℹ skipped 0
ℹ todo 0
ℹ duration_ms 441.204958
✔ fresh AirKorea for 17 provinces wins without provider calls; requested grades preserved (6.647792ms)
✔ missing/stale/DB-failed provinces use shared flow, retain fresh rows, source and point provenance (2.594708ms)
✔ parallel fanout is bounded at four and completes all regions when time allows (33.147666ms)
✔ one overall deadline stops new calls; late callbacks cannot mutate completed air/status (19.342458ms)
✔ DB timeout terminates; DB error and provider failures preserve response with explicit per-province status (17.737625ms)
✔ future and invalid/empty PM rows trigger fallback, never fabricated zero (2.489125ms)
✔ eight-hour boundary, excessive future and partial pollutant values do not become fabricated data (2.65675ms)
✔ provider throw or duplicate callback cannot lose other provinces or complete twice (2.382792ms)
✔ storage read throws: shared provider flow still supplies partial safe results (2.179ms)
✔ completed provider response is copied before unit conversion; cached object is unchanged (3.159791ms)
ℹ tests 10
ℹ suites 0
ℹ pass 10
ℹ fail 0
ℹ cancelled 0
ℹ skipped 0
ℹ todo 0
ℹ duration_ms 94.985
