✖ station and sido use supported services and correctly encoded credentials (2.142625ms)
ℹ tests 1
ℹ suites 0
ℹ pass 0
ℹ fail 1
ℹ cancelled 0
ℹ skipped 0
ℹ todo 0
ℹ duration_ms 4.220458

✖ failing tests:

test at server/test/offline/airkorea-collection.test.js:5:1
✖ station and sido use supported services and correctly encoded credentials (2.142625ms)
  AssertionError [ERR_ASSERTION]: Expected values to be strictly equal:
  + actual - expected
  
  + 'http://openapi.airkorea.or.kr'
  - 'https://apis.data.go.kr'
         ^
  
      at TestContext.<anonymous> (/Users/ak/.paseo/worktrees/2xgmy5rd/human-falcon/server/test/offline/airkorea-collection.test.js:9:12)
      at Test.runInAsyncScope (node:async_hooks:227:14)
      at Test.run (node:internal/test_runner/test:1382:25)
      at Test.start (node:internal/test_runner/test:1242:17)
      at startSubtestAfterBootstrap (node:internal/test_runner/harness:387:17)
      at process.processTicksAndRejections (node:internal/process/task_queues:104:5) {
    generatedMessage: true,
    code: 'ERR_ASSERTION',
    actual: 'http://openapi.airkorea.or.kr',
    expected: 'https://apis.data.go.kr',
    operator: 'strictEqual',
    diff: 'simple'
  }
