TAP version 13
# Subtest: collector direction E
ok 1 - collector direction E
  ---
  duration_ms: 19.527114
  type: 'test'
  ...
# Subtest: collector direction N
ok 2 - collector direction N
  ---
  duration_ms: 10.345488
  type: 'test'
  ...
# Subtest: collector direction NE
ok 3 - collector direction NE
  ---
  duration_ms: 9.33927
  type: 'test'
  ...
# Subtest: collector direction NW
ok 4 - collector direction NW
  ---
  duration_ms: 7.126007
  type: 'test'
  ...
# Subtest: collector direction S
ok 5 - collector direction S
  ---
  duration_ms: 7.693896
  type: 'test'
  ...
# Subtest: collector direction SE
ok 6 - collector direction SE
  ---
  duration_ms: 6.884626
  type: 'test'
  ...
# Subtest: collector direction SW
ok 7 - collector direction SW
  ---
  duration_ms: 6.923929
  type: 'test'
  ...
# Subtest: collector direction W
ok 8 - collector direction W
  ---
  duration_ms: 7.690731
  type: 'test'
  ...
# Subtest: collector direction UNKNOWN
ok 9 - collector direction UNKNOWN
  ---
  duration_ms: 6.691135
  type: 'test'
  ...
# Subtest: collector absent direction remains sentinel
ok 10 - collector absent direction remains sentinel
  ---
  duration_ms: 10.440457
  type: 'test'
  ...
# Subtest: 1.0 newer RSS uses real DB projection and normalizes wind
ok 11 - 1.0 newer RSS uses real DB projection and normalizes wind
  ---
  duration_ms: 9.480504
  type: 'test'
  ...
# Subtest: 1.0 direction 0 to degrees
ok 12 - 1.0 direction 0 to degrees
  ---
  duration_ms: 7.145032
  type: 'test'
  ...
# Subtest: 1.0 direction 1 to degrees
ok 13 - 1.0 direction 1 to degrees
  ---
  duration_ms: 7.885454
  type: 'test'
  ...
# Subtest: 1.0 direction 2 to degrees
ok 14 - 1.0 direction 2 to degrees
  ---
  duration_ms: 6.911536
  type: 'test'
  ...
# Subtest: 1.0 direction 3 to degrees
ok 15 - 1.0 direction 3 to degrees
  ---
  duration_ms: 7.858264
  type: 'test'
  ...
# Subtest: 1.0 direction 4 to degrees
ok 16 - 1.0 direction 4 to degrees
  ---
  duration_ms: 5.448635
  type: 'test'
  ...
# Subtest: 1.0 direction 5 to degrees
ok 17 - 1.0 direction 5 to degrees
  ---
  duration_ms: 5.144497
  type: 'test'
  ...
# Subtest: 1.0 direction 6 to degrees
ok 18 - 1.0 direction 6 to degrees
  ---
  duration_ms: 5.502223
  type: 'test'
  ...
# Subtest: 1.0 direction 7 to degrees
ok 19 - 1.0 direction 7 to degrees
  ---
  duration_ms: 6.39942
  type: 'test'
  ...
# Subtest: 1.0 equal preserves valid values and fills missing/sentinel fields
ok 20 - 1.0 equal preserves valid values and fills missing/sentinel fields
  ---
  duration_ms: 32.42566
  type: 'test'
  ...
# Subtest: 1.0 older is ignored
ok 21 - 1.0 older is ignored
  ---
  duration_ms: 9.128836
  type: 'test'
  ...
# Subtest: 1.0 invalid RSS wind never erases base
ok 22 - 1.0 invalid RSS wind never erases base
  ---
  duration_ms: 95.908605
  type: 'test'
  ...
# Subtest: 1.0 absent/missing sources preserve every base field
ok 23 - 1.0 absent/missing sources preserve every base field
  ---
  duration_ms: 42.719191
  type: 'test'
  ...
# Subtest: 1.0 first future and single future slot are included
ok 24 - 1.0 first future and single future slot are included
  ---
  duration_ms: 11.504252
  type: 'test'
  ...
# Subtest: 1.0 exact now and past stay unchanged; midnight matches
ok 25 - 1.0 exact now and past stay unchanged; midnight matches
  ---
  duration_ms: 5.950612
  type: 'test'
  ...
# Subtest: 1.0 tmx source gate and 06:00 tmn
ok 26 - 1.0 tmx source gate and 06:00 tmn
  ---
  duration_ms: 5.761089
  type: 'test'
  ...
# Subtest: 2.0 newer RSS uses real DB projection and normalizes wind
ok 27 - 2.0 newer RSS uses real DB projection and normalizes wind
  ---
  duration_ms: 6.844031
  type: 'test'
  ...
# Subtest: 2.0 direction 0 to degrees
ok 28 - 2.0 direction 0 to degrees
  ---
  duration_ms: 10.091074
  type: 'test'
  ...
# Subtest: 2.0 direction 1 to degrees
ok 29 - 2.0 direction 1 to degrees
  ---
  duration_ms: 5.085295
  type: 'test'
  ...
# Subtest: 2.0 direction 2 to degrees
ok 30 - 2.0 direction 2 to degrees
  ---
  duration_ms: 4.715505
  type: 'test'
  ...
# Subtest: 2.0 direction 3 to degrees
ok 31 - 2.0 direction 3 to degrees
  ---
  duration_ms: 4.833967
  type: 'test'
  ...
# Subtest: 2.0 direction 4 to degrees
ok 32 - 2.0 direction 4 to degrees
  ---
  duration_ms: 5.503316
  type: 'test'
  ...
# Subtest: 2.0 direction 5 to degrees
ok 33 - 2.0 direction 5 to degrees
  ---
  duration_ms: 5.280961
  type: 'test'
  ...
# Subtest: 2.0 direction 6 to degrees
ok 34 - 2.0 direction 6 to degrees
  ---
  duration_ms: 5.292442
  type: 'test'
  ...
# Subtest: 2.0 direction 7 to degrees
ok 35 - 2.0 direction 7 to degrees
  ---
  duration_ms: 6.012146
  type: 'test'
  ...
# Subtest: 2.0 equal preserves valid values and fills missing/sentinel fields
ok 36 - 2.0 equal preserves valid values and fills missing/sentinel fields
  ---
  duration_ms: 34.559475
  type: 'test'
  ...
# Subtest: 2.0 older is ignored
ok 37 - 2.0 older is ignored
  ---
  duration_ms: 7.26176
  type: 'test'
  ...
# Subtest: 2.0 invalid RSS wind never erases base
ok 38 - 2.0 invalid RSS wind never erases base
  ---
  duration_ms: 81.335201
  type: 'test'
  ...
# Subtest: 2.0 absent/missing sources preserve every base field
ok 39 - 2.0 absent/missing sources preserve every base field
  ---
  duration_ms: 58.311308
  type: 'test'
  ...
# Subtest: 2.0 first future and single future slot are included
ok 40 - 2.0 first future and single future slot are included
  ---
  duration_ms: 13.648767
  type: 'test'
  ...
# Subtest: 2.0 exact now and past stay unchanged; midnight matches
ok 41 - 2.0 exact now and past stay unchanged; midnight matches
  ---
  duration_ms: 6.866663
  type: 'test'
  ...
# Subtest: 2.0 tmx source gate and 06:00 tmn
ok 42 - 2.0 tmx source gate and 06:00 tmn
  ---
  duration_ms: 7.948943
  type: 'test'
  ...
# Subtest: v2 UTC/KST publication boundary remains on the intended local date
ok 43 - v2 UTC/KST publication boundary remains on the intended local date
  ---
  duration_ms: 0.744781
  type: 'test'
  ...
1..43
# tests 43
# suites 0
# pass 43
# fail 0
# cancelled 0
# skipped 0
# todo 0
# duration_ms 670.265896
