TAP version 13
# Subtest: captured day 4–10 succeeds with original values and no invented day 3
ok 1 - captured day 4–10 succeeds with original values and no invented day 3
  ---
  duration_ms: 31.871537
  type: 'test'
  ...
# Subtest: synthetic legacy day 3 remains supported
ok 2 - synthetic legacy day 3 remains supported
  ---
  duration_ms: 1.913424
  type: 'test'
  ...
# Subtest: missing optional fields never become sentinel temperatures or defaults
ok 3 - missing optional fields never become sentinel temperatures or defaults
  ---
  duration_ms: 3.174148
  type: 'test'
  ...
# Subtest: organizeLandData malformed envelopes and empty/invalid items fail once
ok 4 - organizeLandData malformed envelopes and empty/invalid items fail once
  ---
  duration_ms: 10.390313
  type: 'test'
  ...
# Subtest: organizeTempData malformed envelopes and empty/invalid items fail once
ok 5 - organizeTempData malformed envelopes and empty/invalid items fail once
  ---
  duration_ms: 10.526907
  type: 'test'
  ...
# Subtest: 1.0 real schemas + Manager handoff + storage projection + service round trip
ok 6 - 1.0 real schemas + Manager handoff + storage projection + service round trip
  ---
  duration_ms: 252.472873
  type: 'test'
  ...
# Subtest: 1.0 partial valid horizons persist without requiring day 10
ok 7 - 1.0 partial valid horizons persist without requiring day 10
  ---
  duration_ms: 29.216178
  type: 'test'
  ...
# Subtest: 2.0 real schemas + Manager handoff + storage projection + service round trip
ok 8 - 2.0 real schemas + Manager handoff + storage projection + service round trip
  ---
  duration_ms: 29.764433
  type: 'test'
  ...
# Subtest: 2.0 partial valid horizons persist without requiring day 10
ok 9 - 2.0 partial valid horizons persist without requiring day 10
  ---
  duration_ms: 25.578054
  type: 'test'
  ...
# Subtest: KST publication, 06/18 cycles, mixed timestamp representations and year/month boundaries
ok 10 - KST publication, 06/18 cycles, mixed timestamp representations and year/month boundaries
  ---
  duration_ms: 142.031062
  type: 'test'
  ...
# Subtest: legacy day 3, honest captured gap, no NaN/sentinel/unknown sky output
ok 11 - legacy day 3, honest captured gap, no NaN/sentinel/unknown sky output
  ---
  duration_ms: 18.956118
  type: 'test'
  ...
# Subtest: stale or future publication, identity mismatch, latest partial never uses older forecast
ok 12 - stale or future publication, identity mismatch, latest partial never uses older forecast
  ---
  duration_ms: 20.672966
  type: 'test'
  ...
# Subtest: short merge sorts/deduplicates, keeps seven-day recent history and declares boundary gap
ok 13 - short merge sorts/deduplicates, keeps seven-day recent history and declares boundary gap
  ---
  duration_ms: 27.051777
  type: 'test'
  ...
# Subtest: dedicated daily health fails captured polluted list while short is current
ok 14 - dedicated daily health fails captured polluted list while short is current
  ---
  duration_ms: 23.204482
  type: 'test'
  ...
# Subtest: RSS retirement ignores older/equal/newer mixed publications and empty targets
ok 15 - RSS retirement ignores older/equal/newer mixed publications and empty targets
  ---
  duration_ms: 340.741778
  type: 'test'
  ...
# Subtest: 401/error envelopes emit only controlled failure without key-bearing diagnostics
ok 16 - 401/error envelopes emit only controlled failure without key-bearing diagnostics
  ---
  duration_ms: 8.470058
  type: 'test'
  ...
# Subtest: RSS HTML/malformed XML never publishes or persists; retired schedules never fetch
ok 17 - RSS HTML/malformed XML never publishes or persists; retired schedules never fetch
  ---
  duration_ms: 40.844934
  type: 'test'
  ...
# Subtest: unknown land text alone is invalid rather than a successful empty forecast
not ok 18 - unknown land text alone is invalid rather than a successful empty forecast
  ---
  duration_ms: 4.819731
  type: 'test'
  location: '/root/.paseo/worktrees/08mqediz/humorous-lionfish/server/test/offline/daily-forecast.test.js:166:1'
  failureType: 'testCodeFailure'
  error: |-
    Expected values to be strictly equal:
    + actual - expected
    
    + 'recvData'
    - 'recvFail'
           ^
    
  code: 'ERR_ASSERTION'
  name: 'AssertionError'
  expected: 'recvFail'
  actual: 'recvData'
  operator: 'strictEqual'
  stack: |-
    TestContext.<anonymous> (/root/.paseo/worktrees/08mqediz/humorous-lionfish/server/test/offline/daily-forecast.test.js:167:12)
    Test.runInAsyncScope (node:async_hooks:214:14)
    Test.run (node:internal/test_runner/test:1047:25)
    Test.processPendingSubtests (node:internal/test_runner/test:744:18)
    Test.postRun (node:internal/test_runner/test:1173:19)
    Test.run (node:internal/test_runner/test:1101:12)
    async Test.processPendingSubtests (node:internal/test_runner/test:744:7)
  ...
# Subtest: invalid short weather never erases a valid mid row or invents zero precipitation
not ok 19 - invalid short weather never erases a valid mid row or invents zero precipitation
  ---
  duration_ms: 40.896591
  type: 'test'
  location: '/root/.paseo/worktrees/08mqediz/humorous-lionfish/server/test/offline/daily-forecast.test.js:169:1'
  failureType: 'testCodeFailure'
  error: |-
    Expected values to be strictly equal:
    + actual - expected
    
    + '{"date":"20260928","wfAm":"구름적고 ","rnStAm":20,"wfPm":"구름적고 ","rnStPm":20,"taMin":10,"taMax":24,"pop":-1,"pty":-1,"r06":0,"reh":50,"s06":0,"sky":1,"lgtAm":0,"ptyAm":-1,"skyAm":1,"lgtPm":0,"ptyPm":-1,"skyPm":1,"t1d":20,"wsd":-1}'
    - '{"date":"20260928","wfAm":"구름많음","rnStAm":20,"wfPm":"구름많음","rnStPm":20,"taMin":14,"taMax":24}'
    
  code: 'ERR_ASSERTION'
  name: 'AssertionError'
  expected: '{"date":"20260928","wfAm":"구름많음","rnStAm":20,"wfPm":"구름많음","rnStPm":20,"taMin":14,"taMax":24}'
  actual: '{"date":"20260928","wfAm":"구름적고 ","rnStAm":20,"wfPm":"구름적고 ","rnStPm":20,"taMin":10,"taMax":24,"pop":-1,"pty":-1,"r06":0,"reh":50,"s06":0,"sky":1,"lgtAm":0,"ptyAm":-1,"skyAm":1,"lgtPm":0,"ptyPm":-1,"skyPm":1,"t1d":20,"wsd":-1}'
  operator: 'strictEqual'
  stack: |-
    TestContext.<anonymous> (/root/.paseo/worktrees/08mqediz/humorous-lionfish/server/test/offline/daily-forecast.test.js:173:12)
    Test.runInAsyncScope (node:async_hooks:214:14)
    Test.run (node:internal/test_runner/test:1047:25)
    Test.processPendingSubtests (node:internal/test_runner/test:744:18)
    Test.postRun (node:internal/test_runner/test:1173:19)
    Test.run (node:internal/test_runner/test:1101:12)
    async Test.processPendingSubtests (node:internal/test_runner/test:744:7)
  ...
1..19
# tests 19
# suites 0
# pass 17
# fail 2
# cancelled 0
# skipped 0
# todo 0
# duration_ms 1129.672573
